I'm sorry, but errors were detected in your script. Please correct the
errors listed below, and try again.


File "game/screens.rpy", line 1795: 'fit' is not a keyword argument or valid child of the imagebutton statement.
    fit "contain"
       ^

Ren'Py Version: Ren'Py 8.3.7.25031702
Tue May  6 13:36:53 2025
